--- Executing blocking command at Mon Jul  6 18:17:45 2026 ---
> . "/Users/user/.eigent/user_38616/spaces/space_0c88294ec8394617b8fbb51d2e255a53/projects/1783354634753-1493/runs/1783354635063-7170/single_agent/.venv/bin/activate" && pwd && ls -la && find . -maxdepth 3 -name package.json -print && (test -f pnpm-lock.yaml && echo PNPM_LOCK=yes || true) && (test -f package.json && cat package.json)
--- Output ---
/Users/user/Documents/Punt-Kiqes/spindare-showcase-97-main
total 640
drwxrwxr-x@ 27 user  staff     864 Jul  6 17:33 .
drwxr-xr-x   4 user  staff     128 Jul  5 22:10 ..
-rw-r--r--@  1 user  staff    6148 Jul  6 15:15 .DS_Store
drwxrwxr-x@  3 user  staff      96 Jul  5 19:11 .agents
drwxr-xr-x  13 user  staff     416 Jul  6 17:33 .git
-rw-rw-r--@  1 user  staff     938 Jul  5 19:11 .gitattributes
-rw-rw-r--@  1 user  staff     678 Jul  5 22:28 .gitignore
drwxrwxr-x@ 17 user  staff     544 Jul  5 19:11 .migration-backup
-rw-rw-r--@  1 user  staff      56 Jul  5 19:11 .npmrc
-rw-rw-r--@  1 user  staff     323 Jul  5 19:11 .replit
-rw-rw-r--@  1 user  staff     201 Jul  5 19:11 .replitignore
-rw-r--r--   1 user  staff     414 Jul  6 18:17 .todo.json
-rw-r--r--   1 user  staff     848 Jul  6 17:33 Terminal.app
drwxrwxr-x@  5 user  staff     160 Jul  5 19:11 artifacts
drwxrwxr-x@  3 user  staff      96 Jul  5 19:11 attached_assets
drwxrwxr-x@  6 user  staff     192 Jul  5 19:11 lib
drwxr-xr-x  12 user  staff     384 Jul  6 17:25 node_modules
-rw-rw-r--@  1 user  staff     660 Jul  5 22:22 package.json
-rw-rw-r--   1 user  staff  261930 Jul  6 17:24 pnpm-lock.yaml
-rw-rw-r--   1 user  staff    3477 Jul  6 17:23 pnpm-workspace.yaml
-rw-rw-r--@  1 user  staff    1521 Jul  5 19:11 replit.md
drwxrwxr-x@  8 user  staff     256 Jul  6 15:21 scripts
drwxr-xr-x   2 user  staff      64 Jul  6 18:17 terminal_logs
-rw-r--r--   1 user  staff     117 Jul  6 18:17 todo.md
-rw-rw-r--@  1 user  staff     692 Jul  5 19:11 tsconfig.base.json
-rw-rw-r--@  1 user  staff     236 Jul  5 19:11 tsconfig.json
-rw-rw-r--@  1 user  staff     252 Jul  5 22:22 vercel.json
./artifacts/api-server/package.json
./artifacts/mockup-sandbox/package.json
./artifacts/portfolio/package.json
./node_modules/.ignored_typescript/package.json
./node_modules/.ignored_prettier/package.json
./.migration-backup/package.json
./.migration-backup/scripts/package.json
./package.json
./scripts/package.json
./lib/api-zod/package.json
./lib/db/package.json
./lib/api-client-react/package.json
./lib/api-spec/package.json
PNPM_LOCK=yes
{
  "name": "workspace",
  "version": "0.0.0",
  "license": "MIT",
  "packageManager": "pnpm@11.10.0",
  "scripts": {
    "preinstall": "sh -c 'rm -f package-lock.json yarn.lock; case \"$npm_config_user_agent\" in pnpm/*) ;; *) echo \"Use pnpm instead\" >&2; exit 1 ;; esac'",
    "build": "pnpm run typecheck && pnpm -r --if-present run build",
    "typecheck:libs": "tsc --build",
    "typecheck": "pnpm run typecheck:libs && pnpm -r --filter \"./artifacts/**\" --filter \"./scripts\" --if-present run typecheck"
  },
  "private": true,
  "engines": {
    "node": ">=20"
  },
  "devDependencies": {
    "prettier": "^3.8.4",
    "typescript": "~5.9.3"
  }
}



--- Executing blocking command at Mon Jul  6 18:18:02 2026 ---
> . "/Users/user/.eigent/user_38616/spaces/space_0c88294ec8394617b8fbb51d2e255a53/projects/1783354634753-1493/runs/1783354635063-7170/single_agent/.venv/bin/activate" && cd /Users/user/Documents/Punt-Kiqes/spindare-showcase-97-main && cat artifacts/portfolio/package.json && echo '--- lightning files ---' && ls -la node_modules/.pnpm/lightningcss@1.32.0/node_modules/lightningcss 2>/dev/null || true && ls -la node_modules/.pnpm | grep lightning || true && pnpm -v && node -p "process.platform+' '+process.arch+' node '+process.version"
--- Output ---
{
  "name": "@workspace/portfolio",
  "version": "0.0.0",
  "private": true,
  "scripts": {
    "dev": "next dev --port ${PORT:-21113} --hostname 0.0.0.0",
    "build": "next build",
    "start": "next start --port ${PORT:-21113} --hostname 0.0.0.0",
    "typecheck": "tsc --noEmit"
  },
  "dependencies": {
    "next": "^16.0.0",
    "react": "19.1.0",
    "react-dom": "19.1.0",
    "@tanstack/react-query": "^5.90.21",
    "framer-motion": "^12.23.24",
    "@react-three/fiber": "^9.6.1",
    "@react-three/drei": "^10.7.7",
    "three": "^0.184.0",
    "lucide-react": "^0.545.0",
    "react-icons": "^5.4.0",
    "clsx": "^2.1.1",
    "tailwind-merge": "^3.3.1",
    "class-variance-authority": "^0.7.1",
    "zod": "^3.25.76",
    "react-hook-form": "^7.55.0",
    "@hookform/resolvers": "^3.10.0",
    "next-themes": "^0.4.6",
    "sonner": "^2.0.7",
    "cmdk": "^1.1.1",
    "vaul": "^1.1.2",
    "date-fns": "^3.6.0",
    "embla-carousel-react": "^8.6.0",
    "recharts": "^2.15.2",
    "react-day-picker": "^9.11.1",
    "react-resizable-panels": "^2.1.7",
    "input-otp": "^1.4.2",
    "tw-animate-css": "^1.4.0",
    "@radix-ui/react-accordion": "^1.2.4",
    "@radix-ui/react-alert-dialog": "^1.1.7",
    "@radix-ui/react-aspect-ratio": "^1.1.3",
    "@radix-ui/react-avatar": "^1.1.4",
    "@radix-ui/react-checkbox": "^1.1.5",
    "@radix-ui/react-collapsible": "^1.1.4",
    "@radix-ui/react-context-menu": "^2.2.7",
    "@radix-ui/react-dialog": "^1.1.7",
    "@radix-ui/react-dropdown-menu": "^2.1.7",
    "@radix-ui/react-hover-card": "^1.1.7",
    "@radix-ui/react-label": "^2.1.3",
    "@radix-ui/react-menubar": "^1.1.7",
    "@radix-ui/react-navigation-menu": "^1.2.6",
    "@radix-ui/react-popover": "^1.1.7",
    "@radix-ui/react-progress": "^1.1.3",
    "@radix-ui/react-radio-group": "^1.2.4",
    "@radix-ui/react-scroll-area": "^1.2.4",
    "@radix-ui/react-select": "^2.1.7",
    "@radix-ui/react-separator": "^1.1.3",
    "@radix-ui/react-slider": "^1.2.4",
    "@radix-ui/react-slot": "^1.2.0",
    "@radix-ui/react-switch": "^1.1.4",
    "@radix-ui/react-tabs": "^1.1.4",
    "@radix-ui/react-toast": "^1.2.7",
    "@radix-ui/react-toggle": "^1.1.3",
    "@radix-ui/react-toggle-group": "^1.1.3",
    "@radix-ui/react-tooltip": "^1.2.0"
  },
  "devDependencies": {
    "typescript": "^5.8.0",
    "@types/react": "^19.2.0",
    "@types/react-dom": "^19.2.0",
    "@types/node": "^20.0.0",
    "@types/three": "^0.176.0",
    "tailwindcss": "^4.1.14",
    "@tailwindcss/postcss": "^4.1.14",
    "@tailwindcss/typography": "^0.5.15",
    "postcss": "^8.5.0"
  }
}
--- lightning files ---
total 56
drwxr-xr-x   6 user  staff    192 Jul  5 22:19 .
drwxr-xr-x   5 user  staff    160 Jul  6 17:25 ..
-rw-r--r--   1 user  staff  15648 Jul  5 22:17 LICENSE
-rw-r--r--   1 user  staff   6058 Jul  5 22:17 README.md
drwxr-xr-x  13 user  staff    416 Jul  5 22:19 node
-rw-r--r--   1 user  staff   3835 Jul  5 22:17 package.json
drwxr-xr-x    3 user  staff      96 Jul  5 22:19 @tailwindcss+vite@4.3.1_vite@7.3.5_@types+node@25.9.4_jiti@2.7.0_lightningcss@1.32.0_tsx@4.22.4_yaml@2.9.0_
drwxr-xr-x    3 user  staff      96 Jul  5 22:19 @vitejs+plugin-react@5.2.0_vite@7.3.5_@types+node@25.9.4_jiti@2.7.0_lightningcss@1.32.0_tsx@4.22.4_yaml@2.9.0_
drwxr-xr-x    3 user  staff      96 Jul  6 17:25 lightningcss-darwin-x64@1.32.0
drwxr-xr-x    3 user  staff      96 Jul  5 22:19 lightningcss@1.32.0
drwxr-xr-x    3 user  staff      96 Jul  5 22:19 vite@7.3.5_@types+node@25.9.4_jiti@2.7.0_lightningcss@1.32.0_tsx@4.22.4_yaml@2.9.0
/bin/sh: pnpm: command not found



--- Executing blocking command at Mon Jul  6 18:18:14 2026 ---
> . "/Users/user/.eigent/user_38616/spaces/space_0c88294ec8394617b8fbb51d2e255a53/projects/1783354634753-1493/runs/1783354635063-7170/single_agent/.venv/bin/activate" && cd /Users/user/Documents/Punt-Kiqes/spindare-showcase-97-main && sed -n '1,80p' node_modules/.pnpm/lightningcss@1.32.0/node_modules/lightningcss/node/index.js && find node_modules/.pnpm/lightningcss-darwin-x64@1.32.0 -maxdepth 4 -type f -print && find node_modules/.pnpm/lightningcss@1.32.0 -maxdepth 4 -type l -o -type f | sed -n '1,80p'
--- Output ---
let parts = [process.platform, process.arch];
if (process.platform === 'linux') {
  const { MUSL, familySync } = require('detect-libc');
  const family = familySync();
  if (family === MUSL) {
    parts.push('musl');
  } else if (process.arch === 'arm') {
    parts.push('gnueabihf');
  } else {
    parts.push('gnu');
  }
} else if (process.platform === 'win32') {
  parts.push('msvc');
}

let native;
try {
  native = require(`lightningcss-${parts.join('-')}`);
} catch (err) {
  native = require(`../lightningcss.${parts.join('-')}.node`);
}

module.exports.transform = wrap(native.transform);
module.exports.transformStyleAttribute = wrap(native.transformStyleAttribute);
module.exports.bundle = wrap(native.bundle);
module.exports.bundleAsync = wrap(native.bundleAsync);
module.exports.browserslistToTargets = require('./browserslistToTargets');
module.exports.composeVisitors = require('./composeVisitors');
module.exports.Features = require('./flags').Features;

function wrap(call) {
  return (options) => {
    if (typeof options.visitor === 'function') {
      let deps = [];
      options.visitor = options.visitor({
        addDependency(dep) {
          deps.push(dep);
        }
      });

      let result = call(options);
      if (result instanceof Promise) {
        result = result.then(res => {
          if (deps.length) {
            res.dependencies ??= [];
            res.dependencies.push(...deps);
          }
          return res;
        });
      } else if (deps.length) {
        result.dependencies ??= [];
        result.dependencies.push(...deps);
      }
      return result;
    } else {
      return call(options);
    }
  };
}
node_modules/.pnpm/lightningcss-darwin-x64@1.32.0/node_modules/lightningcss-darwin-x64/LICENSE
node_modules/.pnpm/lightningcss-darwin-x64@1.32.0/node_modules/lightningcss-darwin-x64/README.md
node_modules/.pnpm/lightningcss-darwin-x64@1.32.0/node_modules/lightningcss-darwin-x64/package.json
node_modules/.pnpm/lightningcss-darwin-x64@1.32.0/node_modules/lightningcss-darwin-x64/lightningcss.darwin-x64.node
node_modules/.pnpm/lightningcss@1.32.0/node_modules/detect-libc
node_modules/.pnpm/lightningcss@1.32.0/node_modules/lightningcss-darwin-x64
node_modules/.pnpm/lightningcss@1.32.0/node_modules/lightningcss/LICENSE
node_modules/.pnpm/lightningcss@1.32.0/node_modules/lightningcss/README.md
node_modules/.pnpm/lightningcss@1.32.0/node_modules/lightningcss/package.json
node_modules/.pnpm/lightningcss@1.32.0/node_modules/lightningcss/node/flags.js
node_modules/.pnpm/lightningcss@1.32.0/node_modules/lightningcss/node/targets.d.ts
node_modules/.pnpm/lightningcss@1.32.0/node_modules/lightningcss/node/index.js
node_modules/.pnpm/lightningcss@1.32.0/node_modules/lightningcss/node/composeVisitors.js
node_modules/.pnpm/lightningcss@1.32.0/node_modules/lightningcss/node/index.js.flow
node_modules/.pnpm/lightningcss@1.32.0/node_modules/lightningcss/node/browserslistToTargets.js
node_modules/.pnpm/lightningcss@1.32.0/node_modules/lightningcss/node/index.mjs
node_modules/.pnpm/lightningcss@1.32.0/node_modules/lightningcss/node/targets.js.flow
node_modules/.pnpm/lightningcss@1.32.0/node_modules/lightningcss/node/ast.js.flow
node_modules/.pnpm/lightningcss@1.32.0/node_modules/lightningcss/node/index.d.ts
node_modules/.pnpm/lightningcss@1.32.0/node_modules/lightningcss/node/ast.d.ts



--- Executing blocking command at Mon Jul  6 18:18:26 2026 ---
> . "/Users/user/.eigent/user_38616/spaces/space_0c88294ec8394617b8fbb51d2e255a53/projects/1783354634753-1493/runs/1783354635063-7170/single_agent/.venv/bin/activate" && cd /Users/user/Documents/Punt-Kiqes/spindare-showcase-97-main && ls -l node_modules/.pnpm/lightningcss@1.32.0/node_modules/lightningcss-darwin-x64 && node -e "try{console.log(require.resolve('lightningcss-darwin-x64',{paths:['/Users/user/Documents/Punt-Kiqes/spindare-showcase-97-main/node_modules/.pnpm/lightningcss@1.32.0/node_modules/lightningcss/node']})); console.log(require('lightningcss-darwin-x64'))}catch(e){console.error(e)}" && node -e "try{console.log(require('lightningcss'))}catch(e){console.error('ERR', e.message, e.stack)}"
--- Output ---
lrwxr-xr-x  1 user  staff  73 Jul  6 17:25 node_modules/.pnpm/lightningcss@1.32.0/node_modules/lightningcss-darwin-x64 -> ../../lightningcss-darwin-x64@1.32.0/node_modules/lightningcss-darwin-x64
/Users/user/Documents/Punt-Kiqes/spindare-showcase-97-main/node_modules/.pnpm/lightningcss-darwin-x64@1.32.0/node_modules/lightningcss-darwin-x64/lightningcss.darwin-x64.node
Error: Cannot find module 'lightningcss-darwin-x64'
Require stack:
- /Users/user/Documents/Punt-Kiqes/spindare-showcase-97-main/[eval]
    at Module._resolveFilename (node:internal/modules/cjs/loader:1476:15)
    at wrapResolveFilename (node:internal/modules/cjs/loader:1049:27)
    at defaultResolveImplForCJSLoading (node:internal/modules/cjs/loader:1073:10)
    at resolveForCJSWithHooks (node:internal/modules/cjs/loader:1094:12)
    at Module._load (node:internal/modules/cjs/loader:1262:25)
    at wrapModuleLoad (node:internal/modules/cjs/loader:255:19)
    at Module.require (node:internal/modules/cjs/loader:1576:12)
    at require (node:internal/modules/helpers:153:16)
    at [eval]:1:215
    at runScriptInThisContext (node:internal/vm:219:10) {
  code: 'MODULE_NOT_FOUND',
  requireStack: [
    '/Users/user/Documents/Punt-Kiqes/spindare-showcase-97-main/[eval]'
  ]
}
ERR Cannot find module 'lightningcss'
Require stack:
- /Users/user/Documents/Punt-Kiqes/spindare-showcase-97-main/[eval] Error: Cannot find module 'lightningcss'
Require stack:
- /Users/user/Documents/Punt-Kiqes/spindare-showcase-97-main/[eval]
    at Module._resolveFilename (node:internal/modules/cjs/loader:1476:15)
    at wrapResolveFilename (node:internal/modules/cjs/loader:1049:27)
    at defaultResolveImplForCJSLoading (node:internal/modules/cjs/loader:1073:10)
    at resolveForCJSWithHooks (node:internal/modules/cjs/loader:1094:12)
    at Module._load (node:internal/modules/cjs/loader:1262:25)
    at wrapModuleLoad (node:internal/modules/cjs/loader:255:19)
    at Module.require (node:internal/modules/cjs/loader:1576:12)
    at require (node:internal/modules/helpers:153:16)
    at [eval]:1:17
    at runScriptInThisContext (node:internal/vm:219:10)



--- Executing blocking command at Mon Jul  6 18:18:38 2026 ---
> . "/Users/user/.eigent/user_38616/spaces/space_0c88294ec8394617b8fbb51d2e255a53/projects/1783354634753-1493/runs/1783354635063-7170/single_agent/.venv/bin/activate" && cd /Users/user/Documents/Punt-Kiqes/spindare-showcase-97-main && cat node_modules/.pnpm/lightningcss-darwin-x64@1.32.0/node_modules/lightningcss-darwin-x64/package.json && ls -la node_modules | sed -n '1,80p' && ls -la artifacts/portfolio/node_modules | sed -n '1,120p'
--- Output ---
{
  "name": "lightningcss-darwin-x64",
  "version": "1.32.0",
  "license": "MPL-2.0",
  "description": "A CSS parser, transformer, and minifier written in Rust",
  "main": "lightningcss.darwin-x64.node",
  "browserslist": "last 2 versions, not dead",
  "publishConfig": {
    "access": "public"
  },
  "funding": {
    "type": "opencollective",
    "url": "https://opencollective.com/parcel"
  },
  "repository": {
    "type": "git",
    "url": "https://github.com/parcel-bundler/lightningcss.git"
  },
  "engines": {
    "node": ">= 12.0.0"
  },
  "files": [
    "lightningcss.darwin-x64.node"
  ],
  "resolutions": {
    "lightningcss": "link:."
  },
  "os": [
    "darwin"
  ],
  "cpu": [
    "x64"
  ]
}
total 552
drwxr-xr-x   12 user  staff     384 Jul  6 17:25 .
drwxrwxr-x@  27 user  staff     864 Jul  6 17:33 ..
drwxr-xr-x    5 user  staff     160 Jul  6 17:25 .bin
drwxr-xr-x   18 user  staff     576 Jul  6 17:09 .ignored_prettier
drwxr-xr-x    9 user  staff     288 Jul  6 17:09 .ignored_typescript
-rw-r--r--    1 user  staff   49948 Jul  6 17:25 .modules.yaml
-rw-r--r--    1 user  staff    1074 Jul  6 17:09 .package-lock.json
-rw-r--r--    1 user  staff  218119 Jul  6 17:25 .package-map.json
drwxr-xr-x  547 user  staff   17504 Jul  6 17:25 .pnpm
-rw-r--r--    1 user  staff    4043 Jul  6 17:25 .pnpm-workspace-state-v1.json
lrwxr-xr-x    1 user  staff      42 Jul  6 17:25 prettier -> .pnpm/prettier@3.8.4/node_modules/prettier
lrwxr-xr-x    1 user  staff      46 Jul  6 17:25 typescript -> .pnpm/typescript@5.9.3/node_modules/typescript
total 0
drwxr-xr-x  35 user  staff  1120 Jul  5 22:20 .
drwxrwxr-x@ 17 user  staff   544 Jul  5 22:22 ..
drwxr-xr-x   5 user  staff   160 Jul  6 17:25 .bin
drwxr-xr-x   3 user  staff    96 Jul  5 22:19 @hookform
drwxr-xr-x  29 user  staff   928 Jul  5 22:19 @radix-ui
drwxr-xr-x   4 user  staff   128 Jul  5 22:19 @react-three
drwxr-xr-x   4 user  staff   128 Jul  5 22:19 @tailwindcss
drwxr-xr-x   3 user  staff    96 Jul  5 22:19 @tanstack
drwxr-xr-x   6 user  staff   192 Jul  5 22:19 @types
lrwxr-xr-x   1 user  staff    96 Jul  5 22:19 class-variance-authority -> ../../../node_modules/.pnpm/class-variance-authority@0.7.1/node_modules/class-variance-authority
lrwxr-xr-x   1 user  staff    56 Jul  5 22:19 clsx -> ../../../node_modules/.pnpm/clsx@2.1.1/node_modules/clsx
lrwxr-xr-x   1 user  staff   166 Jul  5 22:19 cmdk -> ../../../node_modules/.pnpm/cmdk@1.1.1_@types+react-dom@19.2.3_@types+react@19.2.17__@types+react@19.2.17_react-dom_7b7b075eeeeb2f74bf6dbd0bfd8c563e/node_modules/cmdk
lrwxr-xr-x   1 user  staff    64 Jul  5 22:19 date-fns -> ../../../node_modules/.pnpm/date-fns@3.6.0/node_modules/date-fns
lrwxr-xr-x   1 user  staff   101 Jul  5 22:19 embla-carousel-react -> ../../../node_modules/.pnpm/embla-carousel-react@8.6.0_react@19.1.0/node_modules/embla-carousel-react
lrwxr-xr-x   1 user  staff   120 Jul  5 22:19 framer-motion -> ../../../node_modules/.pnpm/framer-motion@12.40.0_react-dom@19.1.0_react@19.1.0__react@19.1.0/node_modules/framer-motion
lrwxr-xr-x   1 user  staff   110 Jul  5 22:19 input-otp -> ../../../node_modules/.pnpm/input-otp@1.4.2_react-dom@19.1.0_react@19.1.0__react@19.1.0/node_modules/input-otp
lrwxr-xr-x   1 user  staff    87 Jul  5 22:19 lucide-react -> ../../../node_modules/.pnpm/lucide-react@0.545.0_react@19.1.0/node_modules/lucide-react
lrwxr-xr-x   1 user  staff   101 Jul  5 22:19 next -> ../../../node_modules/.pnpm/next@16.2.9_react-dom@19.1.0_react@19.1.0__react@19.1.0/node_modules/next
lrwxr-xr-x   1 user  staff   114 Jul  5 22:19 next-themes -> ../../../node_modules/.pnpm/next-themes@0.4.6_react-dom@19.1.0_react@19.1.0__react@19.1.0/node_modules/next-themes
lrwxr-xr-x   1 user  staff    63 Jul  5 22:19 postcss -> ../../../node_modules/.pnpm/postcss@8.5.15/node_modules/postcss
lrwxr-xr-x   1 user  staff    59 Jul  5 22:19 react -> ../../../node_modules/.pnpm/react@19.1.0/node_modules/react
lrwxr-xr-x   1 user  staff    94 Jul  5 22:19 react-day-picker -> ../../../node_modules/.pnpm/react-day-picker@9.14.0_react@19.1.0/node_modules/react-day-picker
lrwxr-xr-x   1 user  staff    80 Jul  5 22:19 react-dom -> ../../../node_modules/.pnpm/react-dom@19.1.0_react@19.1.0/node_modules/react-dom
lrwxr-xr-x   1 user  staff    92 Jul  5 22:19 react-hook-form -> ../../../node_modules/.pnpm/react-hook-form@7.80.0_react@19.1.0/node_modules/react-hook-form
lrwxr-xr-x   1 user  staff    83 Jul  5 22:19 react-icons -> ../../../node_modules/.pnpm/react-icons@5.6.0_react@19.1.0/node_modules/react-icons
lrwxr-xr-x   1 user  staff   136 Jul  5 22:19 react-resizable-panels -> ../../../node_modules/.pnpm/react-resizable-panels@2.1.9_react-dom@19.1.0_react@19.1.0__react@19.1.0/node_modules/react-resizable-panels
lrwxr-xr-x   1 user  staff   109 Jul  5 22:19 recharts -> ../../../node_modules/.pnpm/recharts@2.15.4_react-dom@19.1.0_react@19.1.0__react@19.1.0/node_modules/recharts
lrwxr-xr-x   1 user  staff   104 Jul  5 22:19 sonner -> ../../../node_modules/.pnpm/sonner@2.0.7_react-dom@19.1.0_react@19.1.0__react@19.1.0/node_modules/sonner
lrwxr-xr-x   1 user  staff    76 Jul  5 22:19 tailwind-merge -> ../../../node_modules/.pnpm/tailwind-merge@3.6.0/node_modules/tailwind-merge
lrwxr-xr-x   1 user  staff    70 Jul  5 22:19 tailwindcss -> ../../../node_modules/.pnpm/tailwindcss@4.3.1/node_modules/tailwindcss
lrwxr-xr-x   1 user  staff    60 Jul  5 22:19 three -> ../../../node_modules/.pnpm/three@0.184.0/node_modules/three
lrwxr-xr-x   1 user  staff    76 Jul  5 22:19 tw-animate-css -> ../../../node_modules/.pnpm/tw-animate-css@1.4.0/node_modules/tw-animate-css
lrwxr-xr-x   1 user  staff    68 Jul  5 22:19 typescript -> ../../../node_modules/.pnpm/typescript@5.9.3/node_modules/typescript
lrwxr-xr-x   1 user  staff   166 Jul  5 22:19 vaul -> ../../../node_modules/.pnpm/vaul@1.1.2_@types+react-dom@19.2.3_@types+react@19.2.17__@types+react@19.2.17_react-dom_31485595f935ef5f32d553be8031bb13/node_modules/vaul
lrwxr-xr-x   1 user  staff    56 Jul  5 22:19 zod -> ../../../node_modules/.pnpm/zod@3.25.76/node_modules/zod



--- Executing blocking command at Mon Jul  6 18:18:53 2026 ---
> . "/Users/user/.eigent/user_38616/spaces/space_0c88294ec8394617b8fbb51d2e255a53/projects/1783354634753-1493/runs/1783354635063-7170/single_agent/.venv/bin/activate" && cd /Users/user/Documents/Punt-Kiqes/spindare-showcase-97-main && node - <<'NODE'
const { createRequire } = require('module');
const req = createRequire('/Users/user/Documents/Punt-Kiqes/spindare-showcase-97-main/node_modules/.pnpm/lightningcss@1.32.0/node_modules/lightningcss/node/index.js');
for (const mod of ['lightningcss-darwin-x64','../lightningcss.darwin-x64.node']) {
  try { console.log('resolve', mod, req.resolve(mod)); const x=req(mod); console.log('loaded', mod, Object.keys(x).slice(0,5)); }
  catch(e) { console.error('fail', mod, e.code, e.message); }
}
try { const l = req('/Users/user/Documents/Punt-Kiqes/spindare-showcase-97-main/node_modules/.pnpm/lightningcss@1.32.0/node_modules/lightningcss'); console.log('lightning ok', Object.keys(l).slice(0,5)); } catch(e) { console.error('lightning fail', e.code, e.message, e.stack); }
NODE
--- Output ---
resolve lightningcss-darwin-x64 /Users/user/Documents/Punt-Kiqes/spindare-showcase-97-main/node_modules/.pnpm/lightningcss-darwin-x64@1.32.0/node_modules/lightningcss-darwin-x64/lightningcss.darwin-x64.node
loaded lightningcss-darwin-x64 [ 'transform', 'transformStyleAttribute', 'bundle', 'bundleAsync' ]
fail ../lightningcss.darwin-x64.node MODULE_NOT_FOUND Cannot find module '../lightningcss.darwin-x64.node'
Require stack:
- /Users/user/Documents/Punt-Kiqes/spindare-showcase-97-main/node_modules/.pnpm/lightningcss@1.32.0/node_modules/lightningcss/node/index.js
lightning ok [
  'transform',
  'transformStyleAttribute',
  'bundle',
  'bundleAsync',
  'browserslistToTargets'
]



--- Executing blocking command at Mon Jul  6 18:19:05 2026 ---
> . "/Users/user/.eigent/user_38616/spaces/space_0c88294ec8394617b8fbb51d2e255a53/projects/1783354634753-1493/runs/1783354635063-7170/single_agent/.venv/bin/activate" && cd /Users/user/Documents/Punt-Kiqes/spindare-showcase-97-main && which node && which corepack || true && corepack pnpm -v || true && ls -la node_modules/.pnpm/lightningcss@1.32.0/node_modules/lightningcss | cat && find node_modules/.pnpm/lightningcss@1.32.0/node_modules/lightningcss -maxdepth 1 -type f -name '*.node' -ls
--- Output ---
/Users/user/.eigent/venvs/backend-1.0.1/lib/python3.11/site-packages/nodejs_wheel/bin/node
/Users/user/.eigent/venvs/backend-1.0.1/lib/python3.11/site-packages/nodejs_wheel/bin/corepack
node:internal/modules/cjs/loader:1479
  throw err;
  ^

Error: Cannot find module './lib/corepack.cjs'
Require stack:
- /Users/user/.eigent/venvs/backend-1.0.1/lib/python3.11/site-packages/nodejs_wheel/bin/corepack
    at Module._resolveFilename (node:internal/modules/cjs/loader:1476:15)
    at wrapResolveFilename (node:internal/modules/cjs/loader:1049:27)
    at defaultResolveImplForCJSLoading (node:internal/modules/cjs/loader:1073:10)
    at resolveForCJSWithHooks (node:internal/modules/cjs/loader:1094:12)
    at Module._load (node:internal/modules/cjs/loader:1262:25)
    at wrapModuleLoad (node:internal/modules/cjs/loader:255:19)
    at Module.require (node:internal/modules/cjs/loader:1576:12)
    at require (node:internal/modules/helpers:153:16)
    at Object.<anonymous> (/Users/user/.eigent/venvs/backend-1.0.1/lib/python3.11/site-packages/nodejs_wheel/bin/corepack:4:1)
    at Module._compile (node:internal/modules/cjs/loader:1830:14) {
  code: 'MODULE_NOT_FOUND',
  requireStack: [
    '/Users/user/.eigent/venvs/backend-1.0.1/lib/python3.11/site-packages/nodejs_wheel/bin/corepack'
  ]
}

Node.js v24.15.0
total 56
drwxr-xr-x   6 user  staff    192 Jul  5 22:19 .
drwxr-xr-x   5 user  staff    160 Jul  6 17:25 ..
-rw-r--r--   1 user  staff  15648 Jul  5 22:17 LICENSE
-rw-r--r--   1 user  staff   6058 Jul  5 22:17 README.md
drwxr-xr-x  13 user  staff    416 Jul  5 22:19 node
-rw-r--r--   1 user  staff   3835 Jul  5 22:17 package.json



--- Executing blocking command at Mon Jul  6 18:19:25 2026 ---
> . "/Users/user/.eigent/user_38616/spaces/space_0c88294ec8394617b8fbb51d2e255a53/projects/1783354634753-1493/runs/1783354635063-7170/single_agent/.venv/bin/activate" && cd /Users/user/Documents/Punt-Kiqes/spindare-showcase-97-main && set -e
SRC="../lightningcss-darwin-x64/lightningcss.darwin-x64.node"
DEST="node_modules/.pnpm/lightningcss@1.32.0/node_modules/lightningcss/lightningcss.darwin-x64.node"
if [ ! -e "$DEST" ]; then
  ln -s "$SRC" "$DEST"
fi
ls -l "$DEST"
node - <<'NODE'
const { createRequire } = require('module');
const req = createRequire(process.cwd() + '/node_modules/.pnpm/lightningcss@1.32.0/node_modules/lightningcss/node/index.js');
console.log('fallback resolves:', req.resolve('../lightningcss.darwin-x64.node'));
console.log('lightningcss loads:', Object.keys(req(process.cwd() + '/node_modules/.pnpm/lightningcss@1.32.0/node_modules/lightningcss')).slice(0,4));
NODE
--- Output ---
lrwxr-xr-x  1 user  staff  55 Jul  6 18:19 node_modules/.pnpm/lightningcss@1.32.0/node_modules/lightningcss/lightningcss.darwin-x64.node -> ../lightningcss-darwin-x64/lightningcss.darwin-x64.node
fallback resolves: /Users/user/Documents/Punt-Kiqes/spindare-showcase-97-main/node_modules/.pnpm/lightningcss-darwin-x64@1.32.0/node_modules/lightningcss-darwin-x64/lightningcss.darwin-x64.node
lightningcss loads: [ 'transform', 'transformStyleAttribute', 'bundle', 'bundleAsync' ]



--- Executing blocking command at Mon Jul  6 18:19:46 2026 ---
> . "/Users/user/.eigent/user_38616/spaces/space_0c88294ec8394617b8fbb51d2e255a53/projects/1783354634753-1493/runs/1783354635063-7170/single_agent/.venv/bin/activate" && cd /Users/user/Documents/Punt-Kiqes/spindare-showcase-97-main/artifacts/portfolio && ./node_modules/.bin/next build


--- Executing blocking command at Mon Jul  6 18:19:46 2026 ---
> . "/Users/user/.eigent/user_38616/spaces/space_0c88294ec8394617b8fbb51d2e255a53/projects/1783354634753-1493/runs/1783354635063-7170/single_agent/.venv/bin/activate" && cd /Users/user/Documents/Punt-Kiqes/spindare-showcase-97-main/artifacts/portfolio && ./node_modules/.bin/next build


--- Executing blocking command at Mon Jul  6 18:22:53 2026 ---
> . "/Users/user/.eigent/user_38616/spaces/space_0c88294ec8394617b8fbb51d2e255a53/projects/1783354634753-1493/runs/1783354635063-7170/single_agent/.venv/bin/activate" && ps -ef | grep -E 'next build|next/dist|tsc|node' | grep -v grep | head -30
--- Output ---
  501   665     1   0 28Jun26 ??         2:22.38 /Applications/Utilities/Adobe Creative Cloud Experience/CCXProcess/CCXProcess.app/Contents/MacOS/Creative Cloud Content Manager.node /Applications/Utilities/Adobe Creative Cloud Experience/CCXProcess/CCXProcess.app/Contents/MacOS/../js/main.js
  501   680     1   0 28Jun26 ??         0:03.70 /Library/Application Support/Adobe/Adobe Desktop Common/IPCBox/AdobeIPCBroker.app/Contents/MacOS/AdobeIPCBroker -launchedbyvulcan /Applications/Utilities/Adobe Creative Cloud Experience/CCXProcess/CCXProcess.app/Contents/MacOS/Creative Cloud Content Manager.node
  501   691     1   0 28Jun26 ??         1:09.98 /Applications/Utilities/Adobe Creative Cloud Experience/CCXProcess/CCXProcess.app/Contents/js/node_modules/adobe-cr/build/Release/AdobeCrashReporter.framework/Versions/A/Adobe Crash Processor.app/Contents/MacOS/Adobe Crash Processor
  501  4293  2497   0  6:19PM ??         0:00.53 /bin/sh -c . "/Users/user/.eigent/user_38616/spaces/space_0c88294ec8394617b8fbb51d2e255a53/projects/1783354634753-1493/runs/1783354635063-7170/single_agent/.venv/bin/activate" && cd /Users/user/Documents/Punt-Kiqes/spindare-showcase-97-main/artifacts/portfolio && ./node_modules/.bin/next build
  501  4298  4293   0  6:19PM ??         1:40.47 node ./node_modules/.bin/../next/dist/bin/next build
  501  4325  4298   0  6:20PM ??         0:03.00 node /Users/user/Documents/Punt-Kiqes/spindare-showcase-97-main/artifacts/portfolio/.next/build/fb2176a0437fda1c.js 56016
  501  4338  4298   0  6:21PM ??         0:53.99 /Users/user/.eigent/venvs/backend-1.0.1/lib/python3.11/site-packages/nodejs_wheel/bin/node /Users/user/Documents/Punt-Kiqes/spindare-showcase-97-main/node_modules/.pnpm/next@16.2.9_react-dom@19.1.0_react@19.1.0__react@19.1.0/node_modules/next/dist/compiled/jest-worker/processChild.js
  501 95430 95295   0  1:19PM ??         0:06.81 /Applications/Antigravity IDE.app/Contents/Frameworks/Antigravity IDE Helper.app/Contents/MacOS/Antigravity IDE Helper --type=utility --utility-sub-type=node.mojom.NodeService --lang=en-GB --service-sandbox-type=none --user-data-dir=/Users/user/Library/Application Support/Antigravity IDE --standard-schemes=vscode-webview,vscode-file --enable-sandbox --secure-schemes=vscode-webview,vscode-file --cors-schemes=vscode-webview,vscode-file --fetch-schemes=vscode-webview,vscode-file --service-worker-schemes=vscode-webview --code-cache-schemes=vscode-webview,vscode-file --shared-files --field-trial-handle=1718379636,r,11153259033938106354,12801686597753014043,262144 --enable-features=DocumentPolicyIncludeJSCallStacksInCrashReports,EarlyEstablishGpuChannel,EstablishGpuChannelAsync,PdfUseShowSaveFilePicker,ScreenCaptureKitPickerScreen,ScreenCaptureKitStreamPickerSonoma --disable-features=CalculateNativeWinOcclusion,LocalNetworkAccessChecks,MacWebContentsOcclusion,ScreenAIOCREnabled,SpareRendererForSitePerProcess,TimeoutHangingVideoCaptureStarts,TraceSiteInstanceGetProcessCreation --variations-seed-version --trace-process-track-uuid=3190708993808206286
  501 95431 95295   0  1:19PM ??         0:05.94 /Applications/Antigravity IDE.app/Contents/Frameworks/Antigravity IDE Helper.app/Contents/MacOS/Antigravity IDE Helper --type=utility --utility-sub-type=node.mojom.NodeService --lang=en-GB --service-sandbox-type=none --user-data-dir=/Users/user/Library/Application Support/Antigravity IDE --standard-schemes=vscode-webview,vscode-file --enable-sandbox --secure-schemes=vscode-webview,vscode-file --cors-schemes=vscode-webview,vscode-file --fetch-schemes=vscode-webview,vscode-file --service-worker-schemes=vscode-webview --code-cache-schemes=vscode-webview,vscode-file --shared-files --field-trial-handle=1718379636,r,11153259033938106354,12801686597753014043,262144 --enable-features=DocumentPolicyIncludeJSCallStacksInCrashReports,EarlyEstablishGpuChannel,EstablishGpuChannelAsync,PdfUseShowSaveFilePicker,ScreenCaptureKitPickerScreen,ScreenCaptureKitStreamPickerSonoma --disable-features=CalculateNativeWinOcclusion,LocalNetworkAccessChecks,MacWebContentsOcclusion,ScreenAIOCREnabled,SpareRendererForSitePerProcess,TimeoutHangingVideoCaptureStarts,TraceSiteInstanceGetProcessCreation --variations-seed-version --trace-process-track-uuid=3190708994745248135
  501 95439 95295   0  1:19PM ??         1:20.86 /Applications/Antigravity IDE.app/Contents/Frameworks/Antigravity IDE Helper (Plugin).app/Contents/MacOS/Antigravity IDE Helper (Plugin) --type=utility --utility-sub-type=node.mojom.NodeService --lang=en-GB --service-sandbox-type=none --dns-result-order=ipv4first --experimental-network-inspection --inspect-port=0 --user-data-dir=/Users/user/Library/Application Support/Antigravity IDE --standard-schemes=vscode-webview,vscode-file --enable-sandbox --secure-schemes=vscode-webview,vscode-file --cors-schemes=vscode-webview,vscode-file --fetch-schemes=vscode-webview,vscode-file --service-worker-schemes=vscode-webview --code-cache-schemes=vscode-webview,vscode-file --shared-files --field-trial-handle=1718379636,r,11153259033938106354,12801686597753014043,262144 --enable-features=DocumentPolicyIncludeJSCallStacksInCrashReports,EarlyEstablishGpuChannel,EstablishGpuChannelAsync,PdfUseShowSaveFilePicker,ScreenCaptureKitPickerScreen,ScreenCaptureKitStreamPickerSonoma --disable-features=CalculateNativeWinOcclusion,LocalNetworkAccessChecks,MacWebContentsOcclusion,ScreenAIOCREnabled,SpareRendererForSitePerProcess,TimeoutHangingVideoCaptureStarts,TraceSiteInstanceGetProcessCreation --variations-seed-version --trace-process-track-uuid=3190708995682289984
  501 95532 95439   0  1:19PM ??         0:01.40 /Applications/Antigravity IDE.app/Contents/Frameworks/Antigravity IDE Helper (Plugin).app/Contents/MacOS/Antigravity IDE Helper (Plugin) /Applications/Antigravity IDE.app/Contents/Resources/app/extensions/markdown-language-features/dist/serverWorkerMain --node-ipc --clientProcessId=95439
  501 95651 95295   0  1:19PM ??         0:39.20 /Applications/Antigravity IDE.app/Contents/Frameworks/Antigravity IDE Helper.app/Contents/MacOS/Antigravity IDE Helper --type=utility --utility-sub-type=node.mojom.NodeService --lang=en-GB --service-sandbox-type=none --user-data-dir=/Users/user/Library/Application Support/Antigravity IDE --standard-schemes=vscode-webview,vscode-file --enable-sandbox --secure-schemes=vscode-webview,vscode-file --cors-schemes=vscode-webview,vscode-file --fetch-schemes=vscode-webview,vscode-file --service-worker-schemes=vscode-webview --code-cache-schemes=vscode-webview,vscode-file --shared-files --field-trial-handle=1718379636,r,11153259033938106354,12801686597753014043,262144 --enable-features=DocumentPolicyIncludeJSCallStacksInCrashReports,EarlyEstablishGpuChannel,EstablishGpuChannelAsync,PdfUseShowSaveFilePicker,ScreenCaptureKitPickerScreen,ScreenCaptureKitStreamPickerSonoma --disable-features=CalculateNativeWinOcclusion,LocalNetworkAccessChecks,MacWebContentsOcclusion,ScreenAIOCREnabled,SpareRendererForSitePerProcess,TimeoutHangingVideoCaptureStarts,TraceSiteInstanceGetProcessCreation --variations-seed-version --trace-process-track-uuid=3190708996619331833
  501 95811 95439   0  1:19PM ??         0:01.23 /Applications/Antigravity IDE.app/Contents/Frameworks/Antigravity IDE Helper (Plugin).app/Contents/MacOS/Antigravity IDE Helper (Plugin) /Applications/Antigravity IDE.app/Contents/Resources/app/extensions/json-language-features/server/dist/node/jsonServerMain --node-ipc --clientProcessId=95439
  501 96908 95295   0  3:19PM ??         0:10.48 /Applications/Antigravity IDE.app/Contents/Frameworks/Antigravity IDE Helper.app/Contents/MacOS/Antigravity IDE Helper --type=utility --utility-sub-type=node.mojom.NodeService --lang=en-GB --service-sandbox-type=none --user-data-dir=/Users/user/Library/Application Support/Antigravity IDE --standard-schemes=vscode-webview,vscode-file --enable-sandbox --secure-schemes=vscode-webview,vscode-file --cors-schemes=vscode-webview,vscode-file --fetch-schemes=vscode-webview,vscode-file --service-worker-schemes=vscode-webview --code-cache-schemes=vscode-webview,vscode-file --shared-files --field-trial-handle=1718379636,r,11153259033938106354,12801686597753014043,262144 --enable-features=DocumentPolicyIncludeJSCallStacksInCrashReports,EarlyEstablishGpuChannel,EstablishGpuChannelAsync,PdfUseShowSaveFilePicker,ScreenCaptureKitPickerScreen,ScreenCaptureKitStreamPickerSonoma --disable-features=CalculateNativeWinOcclusion,LocalNetworkAccessChecks,MacWebContentsOcclusion,ScreenAIOCREnabled,SpareRendererForSitePerProcess,TimeoutHangingVideoCaptureStarts,TraceSiteInstanceGetProcessCreation --variations-seed-version --trace-process-track-uuid=3190709000367499229
  501 96909 95295   0  3:19PM ??         1:15.90 /Applications/Antigravity IDE.app/Contents/Frameworks/Antigravity IDE Helper (Plugin).app/Contents/MacOS/Antigravity IDE Helper (Plugin) --type=utility --utility-sub-type=node.mojom.NodeService --lang=en-GB --service-sandbox-type=none --dns-result-order=ipv4first --experimental-network-inspection --inspect-port=0 --user-data-dir=/Users/user/Library/Application Support/Antigravity IDE --standard-schemes=vscode-webview,vscode-file --enable-sandbox --secure-schemes=vscode-webview,vscode-file --cors-schemes=vscode-webview,vscode-file --fetch-schemes=vscode-webview,vscode-file --service-worker-schemes=vscode-webview --code-cache-schemes=vscode-webview,vscode-file --shared-files --field-trial-handle=1718379636,r,11153259033938106354,12801686597753014043,262144 --enable-features=DocumentPolicyIncludeJSCallStacksInCrashReports,EarlyEstablishGpuChannel,EstablishGpuChannelAsync,PdfUseShowSaveFilePicker,ScreenCaptureKitPickerScreen,ScreenCaptureKitStreamPickerSonoma --disable-features=CalculateNativeWinOcclusion,LocalNetworkAccessChecks,MacWebContentsOcclusion,ScreenAIOCREnabled,SpareRendererForSitePerProcess,TimeoutHangingVideoCaptureStarts,TraceSiteInstanceGetProcessCreation --variations-seed-version --trace-process-track-uuid=3190709001304541078
  501 97004 96909   0  3:20PM ??         0:01.39 /Applications/Antigravity IDE.app/Contents/Frameworks/Antigravity IDE Helper (Plugin).app/Contents/MacOS/Antigravity IDE Helper (Plugin) /Applications/Antigravity IDE.app/Contents/Resources/app/extensions/json-language-features/server/dist/node/jsonServerMain --node-ipc --clientProcessId=96909
  501  4036 96912   0  6:14PM ttys002    0:00.88 node /Users/user/.nvm/versions/node/v24.13.0/bin/pnpm run dev
  501  4048  4036   0  6:14PM ttys002    0:00.78 node /Users/user/Documents/Punt-Kiqes/spindare-showcase-97-main/artifacts/portfolio/node_modules/.bin/../next/dist/bin/next dev --port 21113 --hostname 0.0.0.0



--- Executing blocking command at Mon Jul  6 18:25:59 2026 ---
> . "/Users/user/.eigent/user_38616/spaces/space_0c88294ec8394617b8fbb51d2e255a53/projects/1783354634753-1493/runs/1783354635063-7170/single_agent/.venv/bin/activate" && cd /Users/user/Documents/Punt-Kiqes/spindare-showcase-97-main && set -e
# Stop the stale Next dev server that was started before the native module fix.
for pid in $(lsof -ti tcp:21113 2>/dev/null || true); do
  kill "$pid" 2>/dev/null || true
done
sleep 2
for pid in $(lsof -ti tcp:21113 2>/dev/null || true); do
  kill -9 "$pid" 2>/dev/null || true
done
# Clear Turbopack's dev cache so it cannot reuse the old failed module state.
rm -rf artifacts/portfolio/.next/dev
# Show port is free.
if lsof -ti tcp:21113 >/dev/null 2>&1; then echo 'port still busy'; exit 1; else echo 'port 21113 free'; fi
--- Output ---
port 21113 free



--- Executing blocking command at Mon Jul  6 18:26:47 2026 ---
> . "/Users/user/.eigent/user_38616/spaces/space_0c88294ec8394617b8fbb51d2e255a53/projects/1783354634753-1493/runs/1783354635063-7170/single_agent/.venv/bin/activate" && curl -sS -I http://localhost:21113/ | head -20 && echo '--- body check ---' && curl -sS http://localhost:21113/ | head -5


--- Executing blocking command at Mon Jul  6 18:26:47 2026 ---
> . "/Users/user/.eigent/user_38616/spaces/space_0c88294ec8394617b8fbb51d2e255a53/projects/1783354634753-1493/runs/1783354635063-7170/single_agent/.venv/bin/activate" && curl -sS -I http://localhost:21113/ | head -20 && echo '--- body check ---' && curl -sS http://localhost:21113/ | head -5


--- Executing blocking command at Mon Jul  6 18:28:52 2026 ---
> . "/Users/user/.eigent/user_38616/spaces/space_0c88294ec8394617b8fbb51d2e255a53/projects/1783354634753-1493/runs/1783354635063-7170/single_agent/.venv/bin/activate" && ps -ef | grep -E 'next dev|next/dist|fb2176|processChild|curl' | grep -v grep | head -40
--- Output ---
  501  7298  2497   0  6:26PM ??         0:00.59 /bin/sh -c . "/Users/user/.eigent/user_38616/spaces/space_0c88294ec8394617b8fbb51d2e255a53/projects/1783354634753-1493/runs/1783354635063-7170/single_agent/.venv/bin/activate" && cd /Users/user/Documents/Punt-Kiqes/spindare-showcase-97-main/artifacts/portfolio && PATH="$HOME/.nvm/versions/node/v24.13.0/bin:$PATH" ./node_modules/.bin/next dev --port 21113 --hostname 0.0.0.0
  501  7307  7298   0  6:26PM ??         0:01.73 node ./node_modules/.bin/../next/dist/bin/next dev --port 21113 --hostname 0.0.0.0
  501  7340  2497   0  6:26PM ??         0:00.44 /bin/sh -c . "/Users/user/.eigent/user_38616/spaces/space_0c88294ec8394617b8fbb51d2e255a53/projects/1783354634753-1493/runs/1783354635063-7170/single_agent/.venv/bin/activate" && curl -sS -I http://localhost:21113/ | head -20 && echo '--- body check ---' && curl -sS http://localhost:21113/ | head -5
  501  7344  7340   0  6:26PM ??         0:00.28 curl -sS -I http://localhost:21113/
  501  7359  7319   0  6:27PM ??         0:01.95 node /Users/user/Documents/Punt-Kiqes/spindare-showcase-97-main/artifacts/portfolio/.next/dev/build/fb2176a0437fda1c.js 56256



