--- Blocking command timed out, converted to session at Mon Jul  6 18:21:46 2026 ---
> . "/Users/user/.eigent/user_38616/spaces/space_0c88294ec8394617b8fbb51d2e255a53/projects/1783354634753-1493/runs/1783354635063-7170/single_agent/.venv/bin/activate" && cd /Users/user/Documents/Punt-Kiqes/spindare-showcase-97-main/artifacts/portfolio && ./node_modules/.bin/next build

  Finished TypeScript in 104s ...

  Collecting page data using 3 workers ...

  Generating static pages using 3 workers (0/9) ...

  Generating static pages using 3 workers (2/9) 

  Generating static pages using 3 workers (4/9) 

  Generating static pages using 3 workers (6/9) 

✓ Generating static pages using 3 workers (9/9) in 8.1s

  Finalizing page optimization ...



Route (app)

┌ ○ /

├ ○ /_not-found

├ ○ /about

├ ○ /blog

├ ƒ /blog/[slug]

├ ○ /contact

├ ○ /portfolio

├ ○ /services

└ ƒ /submit-contact





○  (Static)   prerendered as static content

ƒ  (Dynamic)  server-rendered on demand



